2025-06-26T12:44:52.6591706Z Current runner version: '2.325.0'
2025-06-26T12:44:52.6616922Z ##[group]Runner Image Provisioner
2025-06-26T12:44:52.6617862Z Hosted Compute Agent
2025-06-26T12:44:52.6618425Z Version: 20250620.352
2025-06-26T12:44:52.6618983Z Commit: f262f3aba23b10ea191b2a62bdee1ca4c3d344da
2025-06-26T12:44:52.6619714Z Build Date: 2025-06-20T19:27:17Z
2025-06-26T12:44:52.6620280Z ##[endgroup]
2025-06-26T12:44:52.6620850Z ##[group]Operating System
2025-06-26T12:44:52.6621353Z Ubuntu
2025-06-26T12:44:52.6621902Z 24.04.2
2025-06-26T12:44:52.6622319Z LTS
2025-06-26T12:44:52.6622778Z ##[endgroup]
2025-06-26T12:44:52.6623307Z ##[group]Runner Image
2025-06-26T12:44:52.6623870Z Image: ubuntu-24.04
2025-06-26T12:44:52.6624353Z Version: 20250602.3.0
2025-06-26T12:44:52.6625376Z Included Software: https://github.com/actions/runner-images/blob/ubuntu24/20250602.3/images/ubuntu/Ubuntu2404-Readme.md
2025-06-26T12:44:52.6627226Z Image Release: https://github.com/actions/runner-images/releases/tag/ubuntu24%2F20250602.3
2025-06-26T12:44:52.6628301Z ##[endgroup]
2025-06-26T12:44:52.6629371Z ##[group]GITHUB_TOKEN Permissions
2025-06-26T12:44:52.6631501Z Contents: read
2025-06-26T12:44:52.6632002Z Metadata: read
2025-06-26T12:44:52.6632496Z Packages: read
2025-06-26T12:44:52.6633217Z ##[endgroup]
2025-06-26T12:44:52.6635340Z Secret source: Actions
2025-06-26T12:44:52.6636400Z Prepare workflow directory
2025-06-26T12:44:52.6965409Z Prepare all required actions
2025-06-26T12:44:52.7002992Z Getting action download info
2025-06-26T12:44:53.0081938Z ##[group]Download immutable action package 'actions/checkout@v4'
2025-06-26T12:44:53.0083011Z Version: 4.2.2
2025-06-26T12:44:53.0084043Z Digest: sha256:ccb2698953eaebd21c7bf6268a94f9c26518a7e38e27e0b83c1fe1ad049819b1
2025-06-26T12:44:53.0085155Z Source commit SHA: 11bd71901bbe5b1630ceea73d27597364c9af683
2025-06-26T12:44:53.0085922Z ##[endgroup]
2025-06-26T12:44:53.1159460Z Download action repository 'erlef/setup-beam@v1' (SHA:75edbb82877ab10edeb12a99c3cf2f0909f3dc87)
2025-06-26T12:44:53.5329513Z Complete job name: test
2025-06-26T12:44:53.5985807Z ##[group]Run actions/checkout@v4
2025-06-26T12:44:53.5986826Z with:
2025-06-26T12:44:53.5987206Z   repository: Comamoca/subaru
2025-06-26T12:44:53.5987815Z   token: ***
2025-06-26T12:44:53.5988173Z   ssh-strict: true
2025-06-26T12:44:53.5988558Z   ssh-user: git
2025-06-26T12:44:53.5988940Z   persist-credentials: true
2025-06-26T12:44:53.5989381Z   clean: true
2025-06-26T12:44:53.5989764Z   sparse-checkout-cone-mode: true
2025-06-26T12:44:53.5990225Z   fetch-depth: 1
2025-06-26T12:44:53.5990604Z   fetch-tags: false
2025-06-26T12:44:53.5990982Z   show-progress: true
2025-06-26T12:44:53.5991375Z   lfs: false
2025-06-26T12:44:53.5991723Z   submodules: false
2025-06-26T12:44:53.5992112Z   set-safe-directory: true
2025-06-26T12:44:53.5992732Z ##[endgroup]
2025-06-26T12:44:53.7148292Z Syncing repository: Comamoca/subaru
2025-06-26T12:44:53.7149936Z ##[group]Getting Git version info
2025-06-26T12:44:53.7150584Z Working directory is '/home/runner/work/subaru/subaru'
2025-06-26T12:44:53.7151554Z [command]/usr/bin/git version
2025-06-26T12:44:53.7257851Z git version 2.49.0
2025-06-26T12:44:53.7284389Z ##[endgroup]
2025-06-26T12:44:53.7300667Z Temporarily overriding HOME='/home/runner/work/_temp/a43decbd-1e52-46d5-979c-dc82a49fe2ad' before making global git config changes
2025-06-26T12:44:53.7303067Z Adding repository directory to the temporary git global config as a safe directory
2025-06-26T12:44:53.7315311Z [command]/usr/bin/git config --global --add safe.directory /home/runner/work/subaru/subaru
2025-06-26T12:44:53.7352558Z Deleting the contents of '/home/runner/work/subaru/subaru'
2025-06-26T12:44:53.7356653Z ##[group]Initializing the repository
2025-06-26T12:44:53.7361222Z [command]/usr/bin/git init /home/runner/work/subaru/subaru
2025-06-26T12:44:53.7441064Z hint: Using 'master' as the name for the initial branch. This default branch name
2025-06-26T12:44:53.7442386Z hint: is subject to change. To configure the initial branch name to use in all
2025-06-26T12:44:53.7443306Z hint: of your new repositories, which will suppress this warning, call:
2025-06-26T12:44:53.7444233Z hint:
2025-06-26T12:44:53.7444691Z hint: 	git config --global init.defaultBranch <name>
2025-06-26T12:44:53.7445244Z hint:
2025-06-26T12:44:53.7445762Z hint: Names commonly chosen instead of 'master' are 'main', 'trunk' and
2025-06-26T12:44:53.7446867Z hint: 'development'. The just-created branch can be renamed via this command:
2025-06-26T12:44:53.7447559Z hint:
2025-06-26T12:44:53.7447941Z hint: 	git branch -m <name>
2025-06-26T12:44:53.7449774Z Initialized empty Git repository in /home/runner/work/subaru/subaru/.git/
2025-06-26T12:44:53.7461565Z [command]/usr/bin/git remote add origin https://github.com/Comamoca/subaru
2025-06-26T12:44:53.7497092Z ##[endgroup]
2025-06-26T12:44:53.7498264Z ##[group]Disabling automatic garbage collection
2025-06-26T12:44:53.7502041Z [command]/usr/bin/git config --local gc.auto 0
2025-06-26T12:44:53.7532296Z ##[endgroup]
2025-06-26T12:44:53.7533295Z ##[group]Setting up auth
2025-06-26T12:44:53.7538693Z [command]/usr/bin/git config --local --name-only --get-regexp core\.sshCommand
2025-06-26T12:44:53.7567706Z [command]/usr/bin/git submodule foreach --recursive sh -c "git config --local --name-only --get-regexp 'core\.sshCommand' && git config --local --unset-all 'core.sshCommand' || :"
2025-06-26T12:44:53.7887718Z [command]/usr/bin/git config --local --name-only --get-regexp http\.https\:\/\/github\.com\/\.extraheader
2025-06-26T12:44:53.7915311Z [command]/usr/bin/git submodule foreach --recursive sh -c "git config --local --name-only --get-regexp 'http\.https\:\/\/github\.com\/\.extraheader' && git config --local --unset-all 'http.https://github.com/.extraheader' || :"
2025-06-26T12:44:53.8142051Z [command]/usr/bin/git config --local http.https://github.com/.extraheader AUTHORIZATION: basic ***
2025-06-26T12:44:53.8182137Z ##[endgroup]
2025-06-26T12:44:53.8205724Z ##[group]Fetching the repository
2025-06-26T12:44:53.8207710Z [command]/usr/bin/git -c protocol.version=2 fetch --no-tags --prune --no-recurse-submodules --depth=1 origin +21b8cb570f7e6de5dfabf9c324daa5b68393196a:refs/remotes/origin/main
2025-06-26T12:44:54.2810263Z From https://github.com/Comamoca/subaru
2025-06-26T12:44:54.2811956Z  * [new ref]         21b8cb570f7e6de5dfabf9c324daa5b68393196a -> origin/main
2025-06-26T12:44:54.2840491Z ##[endgroup]
2025-06-26T12:44:54.2843136Z ##[group]Determining the checkout info
2025-06-26T12:44:54.2844559Z ##[endgroup]
2025-06-26T12:44:54.2848793Z [command]/usr/bin/git sparse-checkout disable
2025-06-26T12:44:54.2892495Z [command]/usr/bin/git config --local --unset-all extensions.worktreeConfig
2025-06-26T12:44:54.2922564Z ##[group]Checking out the ref
2025-06-26T12:44:54.2925499Z [command]/usr/bin/git checkout --progress --force -B main refs/remotes/origin/main
2025-06-26T12:44:54.2993430Z Switched to a new branch 'main'
2025-06-26T12:44:54.2997171Z branch 'main' set up to track 'origin/main'.
2025-06-26T12:44:54.3003004Z ##[endgroup]
2025-06-26T12:44:54.3036299Z [command]/usr/bin/git log -1 --format=%H
2025-06-26T12:44:54.3057960Z 21b8cb570f7e6de5dfabf9c324daa5b68393196a
2025-06-26T12:44:54.3312500Z ##[group]Run erlef/setup-beam@v1
2025-06-26T12:44:54.3313220Z with:
2025-06-26T12:44:54.3313624Z   otp-version: 27.1.2
2025-06-26T12:44:54.3314149Z   gleam-version: 1.9.1
2025-06-26T12:44:54.3314673Z   rebar3-version: 3
2025-06-26T12:44:54.3315510Z   github-token: ***
2025-06-26T12:44:54.3316235Z   otp-architecture: 64
2025-06-26T12:44:54.3316803Z   install-hex: true
2025-06-26T12:44:54.3317302Z   install-rebar: true
2025-06-26T12:44:54.3317823Z   version-type: loose
2025-06-26T12:44:54.3318389Z   disable_problem_matchers: false
2025-06-26T12:44:54.3319137Z   hexpm-mirrors: https://builds.hex.pm

2025-06-26T12:44:54.3319873Z ##[endgroup]
2025-06-26T12:44:54.5122037Z ##[group]Installing Erlang/OTP OTP-27.1.2 - built on amd64/ubuntu-24.04
2025-06-26T12:44:54.9192661Z [command]/usr/bin/tar zx --strip-components=1 --warning=no-unknown-keyword --overwrite -C /home/runner/work/_temp/57728142-952e-4f68-b7e9-5ef70d4dd47c -f /home/runner/work/_temp/ee1c9276-3464-4b06-b271-86394df766aa
2025-06-26T12:44:57.7649699Z [command]/home/runner/work/_temp/.setup-beam/otp/Install -minimal /home/runner/work/_temp/.setup-beam/otp
2025-06-26T12:44:57.7948399Z Installed Erlang/OTP version
2025-06-26T12:44:57.7970344Z [command]/home/runner/work/_temp/.setup-beam/otp/bin/erl -version
2025-06-26T12:44:57.8078899Z Erlang (SMP,ASYNC_THREADS) (BEAM) emulator version 15.1.2
2025-06-26T12:44:57.8085754Z ##[endgroup]
2025-06-26T12:44:58.8781829Z ##[group]Installing Gleam v1.9.1
2025-06-26T12:44:59.2933899Z [command]/usr/bin/tar zx --warning=no-unknown-keyword --overwrite -C /home/runner/work/_temp/66e992dd-569a-48f8-9604-679a4f14bd2a -f /home/runner/work/_temp/b321a475-436c-42a1-9b77-3c5456d2b2c9
2025-06-26T12:44:59.4864764Z Installed Gleam version
2025-06-26T12:44:59.4888570Z [command]/home/runner/work/_temp/.setup-beam/gleam/bin/gleam --version
2025-06-26T12:44:59.4952833Z gleam 1.9.1
2025-06-26T12:44:59.4961634Z ##[endgroup]
2025-06-26T12:44:59.7956336Z ##[group]Installing rebar3 3.25.0
2025-06-26T12:45:00.0034452Z Installed Rebar3 version
2025-06-26T12:45:00.0053177Z [command]/home/runner/work/_temp/.setup-beam/rebar3/bin/rebar3 version
2025-06-26T12:45:00.2865732Z rebar 3.25.0 on Erlang/OTP 27 Erts 15.1.2
2025-06-26T12:45:00.2917573Z ##[endgroup]
2025-06-26T12:45:00.3096830Z ##[group]Run gleam deps download
2025-06-26T12:45:00.3097211Z [36;1mgleam deps download[0m
2025-06-26T12:45:00.3167109Z shell: /usr/bin/bash -e {0}
2025-06-26T12:45:00.3167374Z env:
2025-06-26T12:45:00.3167632Z   INSTALL_DIR_FOR_OTP: /home/runner/work/_temp/.setup-beam/otp
2025-06-26T12:45:00.3168057Z   INSTALL_DIR_FOR_GLEAM: /home/runner/work/_temp/.setup-beam/gleam
2025-06-26T12:45:00.3168485Z   INSTALL_DIR_FOR_REBAR3: /home/runner/work/_temp/.setup-beam/rebar3
2025-06-26T12:45:00.3168840Z ##[endgroup]
2025-06-26T12:45:00.3297384Z error: Project not found
2025-06-26T12:45:00.3297646Z 
2025-06-26T12:45:00.3297793Z We were unable to find gleam.toml.
2025-06-26T12:45:00.3298122Z 
2025-06-26T12:45:00.3298394Z We searched in /home/runner/work/subaru/subaru and all parent directories.
2025-06-26T12:45:00.3298711Z 
2025-06-26T12:45:00.3313360Z ##[error]Process completed with exit code 1.
2025-06-26T12:45:00.3417668Z Post job cleanup.
2025-06-26T12:45:00.4351455Z [command]/usr/bin/git version
2025-06-26T12:45:00.4387250Z git version 2.49.0
2025-06-26T12:45:00.4431246Z Temporarily overriding HOME='/home/runner/work/_temp/4457da73-6803-40cb-a9bc-b746b996bcbf' before making global git config changes
2025-06-26T12:45:00.4432513Z Adding repository directory to the temporary git global config as a safe directory
2025-06-26T12:45:00.4444239Z [command]/usr/bin/git config --global --add safe.directory /home/runner/work/subaru/subaru
2025-06-26T12:45:00.4478072Z [command]/usr/bin/git config --local --name-only --get-regexp core\.sshCommand
2025-06-26T12:45:00.4510225Z [command]/usr/bin/git submodule foreach --recursive sh -c "git config --local --name-only --get-regexp 'core\.sshCommand' && git config --local --unset-all 'core.sshCommand' || :"
2025-06-26T12:45:00.4733372Z [command]/usr/bin/git config --local --name-only --get-regexp http\.https\:\/\/github\.com\/\.extraheader
2025-06-26T12:45:00.4753697Z http.https://github.com/.extraheader
2025-06-26T12:45:00.4765865Z [command]/usr/bin/git config --local --unset-all http.https://github.com/.extraheader
2025-06-26T12:45:00.4795369Z [command]/usr/bin/git submodule foreach --recursive sh -c "git config --local --name-only --get-regexp 'http\.https\:\/\/github\.com\/\.extraheader' && git config --local --unset-all 'http.https://github.com/.extraheader' || :"
2025-06-26T12:45:00.5117083Z Cleaning up orphan processes
